---
source: crates/biome_cli/tests/snap_test.rs
expression: content
---
## `file.js`

```js
console.log('file');
```

## `file2.js`

```js
console.log('file2');
```

# Emitted Messages

```block
Checked 0 file(s) in <TIME>
```


